// Jest Snapshot v1, https://goo.gl/fbAQLP

exports[`RedirectToggle matches snapshot 1`] = `
<div
  className="amp-setting-toggle"
>
  <div
    className="components-base-control components-toggle-control css-fothu4-Wrapper-boxSizingReset ej5x27r4"
  >
    <div
      className="components-base-control__field css-2txpkp-StyledField ej5x27r3"
    >
      <div
        className="components-flex components-h-stack css-1ub13jk-PolymorphicDiv-Flex-base-ItemsRow e19lxcc00"
        data-wp-c16t={true}
        data-wp-component="HStack"
      >
        <span
          className="components-form-toggle is-checked"
        >
          <input
            checked={true}
            className="components-form-toggle__input"
            id="inspector-toggle-control-0"
            onChange={[Function]}
            type="checkbox"
          />
          <span
            className="components-form-toggle__track"
          />
          <span
            className="components-form-toggle__thumb"
          />
        </span>
        <label
          className="components-flex-item components-flex-block components-toggle-control__label css-1mqm1jz-PolymorphicDiv-Item-sx-Base-block e19lxcc00"
          data-wp-c16t={true}
          data-wp-component="FlexBlock"
          htmlFor="inspector-toggle-control-0"
        >
          <div
            className="amp-setting-toggle__label-text"
          >
            <h3>
              Redirect mobile visitors to AMP
            </h3>
          </div>
        </label>
      </div>
    </div>
  </div>
</div>
`;
